Archive member included to satisfy reference by file (symbol)

d:/stm/stm32cubeide_1.8.0/stm32cubeide/plugins/com.st.stm32cube.ide.mcu.externaltools.gnu-tools-for-stm32.9-2020-q2-update.win32_2.0.0.202105311346/tools/bin/../lib/gcc/arm-none-eabi/9.3.1/../../../../arm-none-eabi/lib/thumb/v7-m/nofp\libc_nano.a(lib_a-errno.o)
                              ./Core/Src/syscalls.o (__errno)
d:/stm/stm32cubeide_1.8.0/stm32cubeide/plugins/com.st.stm32cube.ide.mcu.externaltools.gnu-tools-for-stm32.9-2020-q2-update.win32_2.0.0.202105311346/tools/bin/../lib/gcc/arm-none-eabi/9.3.1/../../../../arm-none-eabi/lib/thumb/v7-m/nofp\libc_nano.a(lib_a-exit.o)
                              d:/stm/stm32cubeide_1.8.0/stm32cubeide/plugins/com.st.stm32cube.ide.mcu.externaltools.gnu-tools-for-stm32.9-2020-q2-update.win32_2.0.0.202105311346/tools/bin/../lib/gcc/arm-none-eabi/9.3.1/../../../../arm-none-eabi/lib/thumb/v7-m/nofp/crt0.o (exit)
d:/stm/stm32cubeide_1.8.0/stm32cubeide/plugins/com.st.stm32cube.ide.mcu.externaltools.gnu-tools-for-stm32.9-2020-q2-update.win32_2.0.0.202105311346/tools/bin/../lib/gcc/arm-none-eabi/9.3.1/../../../../arm-none-eabi/lib/thumb/v7-m/nofp\libc_nano.a(lib_a-impure.o)
                              d:/stm/stm32cubeide_1.8.0/stm32cubeide/plugins/com.st.stm32cube.ide.mcu.externaltools.gnu-tools-for-stm32.9-2020-q2-update.win32_2.0.0.202105311346/tools/bin/../lib/gcc/arm-none-eabi/9.3.1/../../../../arm-none-eabi/lib/thumb/v7-m/nofp\libc_nano.a(lib_a-exit.o) (_global_impure_ptr)
d:/stm/stm32cubeide_1.8.0/stm32cubeide/plugins/com.st.stm32cube.ide.mcu.externaltools.gnu-tools-for-stm32.9-2020-q2-update.win32_2.0.0.202105311346/tools/bin/../lib/gcc/arm-none-eabi/9.3.1/../../../../arm-none-eabi/lib/thumb/v7-m/nofp\libc_nano.a(lib_a-init.o)
                              d:/stm/stm32cubeide_1.8.0/stm32cubeide/plugins/com.st.stm32cube.ide.mcu.externaltools.gnu-tools-for-stm32.9-2020-q2-update.win32_2.0.0.202105311346/tools/bin/../lib/gcc/arm-none-eabi/9.3.1/../../../../arm-none-eabi/lib/thumb/v7-m/nofp/crt0.o (__libc_init_array)
d:/stm/stm32cubeide_1.8.0/stm32cubeide/plugins/com.st.stm32cube.ide.mcu.externaltools.gnu-tools-for-stm32.9-2020-q2-update.win32_2.0.0.202105311346/tools/bin/../lib/gcc/arm-none-eabi/9.3.1/../../../../arm-none-eabi/lib/thumb/v7-m/nofp\libc_nano.a(lib_a-memset.o)
                              d:/stm/stm32cubeide_1.8.0/stm32cubeide/plugins/com.st.stm32cube.ide.mcu.externaltools.gnu-tools-for-stm32.9-2020-q2-update.win32_2.0.0.202105311346/tools/bin/../lib/gcc/arm-none-eabi/9.3.1/../../../../arm-none-eabi/lib/thumb/v7-m/nofp/crt0.o (memset)

Allocating common symbols
Common symbol       size              file

A                   0xfa              ./Core/Src/main.o
uwTick              0x4               ./Drivers/STM32F1xx_HAL_Driver/Src/stm32f1xx_hal.o
pFlash              0x20              ./Drivers/STM32F1xx_HAL_Driver/Src/stm32f1xx_hal_flash.o

Discarded input sections

 .text          0x0000000000000000        0x0 d:/stm/stm32cubeide_1.8.0/stm32cubeide/plugins/com.st.stm32cube.ide.mcu.externaltools.gnu-tools-for-stm32.9-2020-q2-update.win32_2.0.0.202105311346/tools/bin/../lib/gcc/arm-none-eabi/9.3.1/thumb/v7-m/nofp/crti.o
 .data          0x0000000000000000        0x0 d:/stm/stm32cubeide_1.8.0/stm32cubeide/plugins/com.st.stm32cube.ide.mcu.externaltools.gnu-tools-for-stm32.9-2020-q2-update.win32_2.0.0.202105311346/tools/bin/../lib/gcc/arm-none-eabi/9.3.1/thumb/v7-m/nofp/crti.o
 .bss           0x0000000000000000        0x0 d:/stm/stm32cubeide_1.8.0/stm32cubeide/plugins/com.st.stm32cube.ide.mcu.externaltools.gnu-tools-for-stm32.9-2020-q2-update.win32_2.0.0.202105311346/tools/bin/../lib/gcc/arm-none-eabi/9.3.1/thumb/v7-m/nofp/crti.o
 .data          0x0000000000000000        0x4 d:/stm/stm32cubeide_1.8.0/stm32cubeide/plugins/com.st.stm32cube.ide.mcu.externaltools.gnu-tools-for-stm32.9-2020-q2-update.win32_2.0.0.202105311346/tools/bin/../lib/gcc/arm-none-eabi/9.3.1/thumb/v7-m/nofp/crtbegin.o
 .text          0x0000000000000000       0x7c d:/stm/stm32cubeide_1.8.0/stm32cubeide/plugins/com.st.stm32cube.ide.mcu.externaltools.gnu-tools-for-stm32.9-2020-q2-update.win32_2.0.0.202105311346/tools/bin/../lib/gcc/arm-none-eabi/9.3.1/../../../../arm-none-eabi/lib/thumb/v7-m/nofp/crt0.o
 .data          0x0000000000000000        0x0 d:/stm/stm32cubeide_1.8.0/stm32cubeide/plugins/com.st.stm32cube.ide.mcu.externaltools.gnu-tools-for-stm32.9-2020-q2-update.win32_2.0.0.202105311346/tools/bin/../lib/gcc/arm-none-eabi/9.3.1/../../../../arm-none-eabi/lib/thumb/v7-m/nofp/crt0.o
 .bss           0x0000000000000000        0x0 d:/stm/stm32cubeide_1.8.0/stm32cubeide/plugins/com.st.stm32cube.ide.mcu.externaltools.gnu-tools-for-stm32.9-2020-q2-update.win32_2.0.0.202105311346/tools/bin/../lib/gcc/arm-none-eabi/9.3.1/../../../../arm-none-eabi/lib/thumb/v7-m/nofp/crt0.o
[...]
Memory Configuration

Name             Origin             Length             Attributes
RAM              0x0000000020000000 0x0000000000002000 xrw
FLASH            0x0000000008000000 0x0000000000020000 xr
*default*        0x0000000000000000 0xffffffffffffffff

Linker script and memory map

LOAD d:/stm/stm32cubeide_1.8.0/stm32cubeide/plugins/com.st.stm32cube.ide.mcu.externaltools.gnu-tools-for-stm32.9-2020-q2-update.win32_2.0.0.202105311346/tools/bin/../lib/gcc/arm-none-eabi/9.3.1/thumb/v7-m/nofp/crti.o
LOAD d:/stm/stm32cubeide_1.8.0/stm32cubeide/plugins/com.st.stm32cube.ide.mcu.externaltools.gnu-tools-for-stm32.9-2020-q2-update.win32_2.0.0.202105311346/tools/bin/../lib/gcc/arm-none-eabi/9.3.1/thumb/v7-m/nofp/crtbegin.o
LOAD d:/stm/stm32cubeide_1.8.0/stm32cubeide/plugins/com.st.stm32cube.ide.mcu.externaltools.gnu-tools-for-stm32.9-2020-q2-update.win32_2.0.0.202105311346/tools/bin/../lib/gcc/arm-none-eabi/9.3.1/../../../../arm-none-eabi/lib/thumb/v7-m/nofp/crt0.o
LOAD ./Core/Src/main.o
LOAD ./Core/Src/stm32f1xx_hal_msp.o
LOAD ./Core/Src/stm32f1xx_it.o
LOAD ./Core/Src/syscalls.o
LOAD ./Core/Src/sysmem.o
LOAD ./Core/Src/system_stm32f1xx.o
LOAD ./Core/Startup/startup_stm32f100rbtx.o
LOAD ./Drivers/STM32F1xx_HAL_Driver/Src/stm32f1xx_hal.o
LOAD ./Drivers/STM32F1xx_HAL_Driver/Src/stm32f1xx_hal_cortex.o
LOAD ./Drivers/STM32F1xx_HAL_Driver/Src/stm32f1xx_hal_dma.o
LOAD ./Drivers/STM32F1xx_HAL_Driver/Src/stm32f1xx_hal_exti.o
LOAD ./Drivers/STM32F1xx_HAL_Driver/Src/stm32f1xx_hal_flash.o
LOAD ./Drivers/STM32F1xx_HAL_Driver/Src/stm32f1xx_hal_flash_ex.o
LOAD ./Drivers/STM32F1xx_HAL_Driver/Src/stm32f1xx_hal_gpio.o
LOAD ./Drivers/STM32F1xx_HAL_Driver/Src/stm32f1xx_hal_gpio_ex.o
LOAD ./Drivers/STM32F1xx_HAL_Driver/Src/stm32f1xx_hal_pwr.o
LOAD ./Drivers/STM32F1xx_HAL_Driver/Src/stm32f1xx_hal_rcc.o
LOAD ./Drivers/STM32F1xx_HAL_Driver/Src/stm32f1xx_hal_rcc_ex.o
LOAD ./Drivers/STM32F1xx_HAL_Driver/Src/stm32f1xx_hal_tim.o
LOAD ./Drivers/STM32F1xx_HAL_Driver/Src/stm32f1xx_hal_tim_ex.o
START GROUP
LOAD d:/stm/stm32cubeide_1.8.0/stm32cubeide/plugins/com.st.stm32cube.ide.mcu.externaltools.gnu-tools-for-stm32.9-2020-q2-update.win32_2.0.0.202105311346/tools/bin/../lib/gcc/arm-none-eabi/9.3.1/../../../../arm-none-eabi/lib/thumb/v7-m/nofp\libc_nano.a
LOAD d:/stm/stm32cubeide_1.8.0/stm32cubeide/plugins/com.st.stm32cube.ide.mcu.externaltools.gnu-tools-for-stm32.9-2020-q2-update.win32_2.0.0.202105311346/tools/bin/../lib/gcc/arm-none-eabi/9.3.1/../../../../arm-none-eabi/lib/thumb/v7-m/nofp\libm.a
END GROUP
START GROUP
LOAD d:/stm/stm32cubeide_1.8.0/stm32cubeide/plugins/com.st.stm32cube.ide.mcu.externaltools.gnu-tools-for-stm32.9-2020-q2-update.win32_2.0.0.202105311346/tools/bin/../lib/gcc/arm-none-eabi/9.3.1/thumb/v7-m/nofp\libgcc.a
LOAD d:/stm/stm32cubeide_1.8.0/stm32cubeide/plugins/com.st.stm32cube.ide.mcu.externaltools.gnu-tools-for-stm32.9-2020-q2-update.win32_2.0.0.202105311346/tools/bin/../lib/gcc/arm-none-eabi/9.3.1/../../../../arm-none-eabi/lib/thumb/v7-m/nofp\libc_nano.a
END GROUP
START GROUP
LOAD d:/stm/stm32cubeide_1.8.0/stm32cubeide/plugins/com.st.stm32cube.ide.mcu.externaltools.gnu-tools-for-stm32.9-2020-q2-update.win32_2.0.0.202105311346/tools/bin/../lib/gcc/arm-none-eabi/9.3.1/thumb/v7-m/nofp\libgcc.a
LOAD d:/stm/stm32cubeide_1.8.0/stm32cubeide/plugins/com.st.stm32cube.ide.mcu.externaltools.gnu-tools-for-stm32.9-2020-q2-update.win32_2.0.0.202105311346/tools/bin/../lib/gcc/arm-none-eabi/9.3.1/../../../../arm-none-eabi/lib/thumb/v7-m/nofp\libc_nano.a
LOAD d:/stm/stm32cubeide_1.8.0/stm32cubeide/plugins/com.st.stm32cube.ide.mcu.externaltools.gnu-tools-for-stm32.9-2020-q2-update.win32_2.0.0.202105311346/tools/bin/../lib/gcc/arm-none-eabi/9.3.1/../../../../arm-none-eabi/lib/thumb/v7-m/nofp\libnosys.a
END GROUP
START GROUP
LOAD d:/stm/stm32cubeide_1.8.0/stm32cubeide/plugins/com.st.stm32cube.ide.mcu.externaltools.gnu-tools-for-stm32.9-2020-q2-update.win32_2.0.0.202105311346/tools/bin/../lib/gcc/arm-none-eabi/9.3.1/thumb/v7-m/nofp\libgcc.a
LOAD d:/stm/stm32cubeide_1.8.0/stm32cubeide/plugins/com.st.stm32cube.ide.mcu.externaltools.gnu-tools-for-stm32.9-2020-q2-update.win32_2.0.0.202105311346/tools/bin/../lib/gcc/arm-none-eabi/9.3.1/../../../../arm-none-eabi/lib/thumb/v7-m/nofp\libc_nano.a
LOAD d:/stm/stm32cubeide_1.8.0/stm32cubeide/plugins/com.st.stm32cube.ide.mcu.externaltools.gnu-tools-for-stm32.9-2020-q2-update.win32_2.0.0.202105311346/tools/bin/../lib/gcc/arm-none-eabi/9.3.1/../../../../arm-none-eabi/lib/thumb/v7-m/nofp\libnosys.a
END GROUP
LOAD d:/stm/stm32cubeide_1.8.0/stm32cubeide/plugins/com.st.stm32cube.ide.mcu.externaltools.gnu-tools-for-stm32.9-2020-q2-update.win32_2.0.0.202105311346/tools/bin/../lib/gcc/arm-none-eabi/9.3.1/thumb/v7-m/nofp/crtend.o
LOAD d:/stm/stm32cubeide_1.8.0/stm32cubeide/plugins/com.st.stm32cube.ide.mcu.externaltools.gnu-tools-for-stm32.9-2020-q2-update.win32_2.0.0.202105311346/tools/bin/../lib/gcc/arm-none-eabi/9.3.1/thumb/v7-m/nofp/crtn.o
                0x0000000020002000                _estack = (ORIGIN (RAM) + LENGTH (RAM))
                0x0000000000000200                _Min_Heap_Size = 0x200
                0x0000000000000400                _Min_Stack_Size = 0x400

.isr_vector     0x0000000008000000      0x1d0
                0x0000000008000000                . = ALIGN (0x4)
 *(.isr_vector)
 .isr_vector    0x0000000008000000      0x1d0 ./Core/Startup/startup_stm32f100rbtx.o
                0x0000000008000000                g_pfnVectors
                0x00000000080001d0                . = ALIGN (0x4)

.text           0x00000000080001d0      0xd54
                0x00000000080001d0                . = ALIGN (0x4)
 *(.text)
 .text          0x00000000080001d0       0x40 d:/stm/stm32cubeide_1.8.0/stm32cubeide/plugins/com.st.stm32cube.ide.mcu.externaltools.gnu-tools-for-stm32.9-2020-q2-update.win32_2.0.0.202105311346/tools/bin/../lib/gcc/arm-none-eabi/9.3.1/thumb/v7-m/nofp/crtbegin.o
 *(.text*)
 .text.main     0x0000000008000210       0x98 ./Core/Src/main.o
                0x0000000008000210                main
 .text.SystemClock_Config
                0x00000000080002a8       0x76 ./Core/Src/main.o
                0x00000000080002a8                SystemClock_Config
 *fill*         0x000000000800031e        0x2 
 .text.MX_GPIO_Init
                0x0000000008000320       0x2c ./Core/Src/main.o
 .text.Error_Handler
                0x000000000800034c        0xa ./Core/Src/main.o
                0x000000000800034c                Error_Handler
 *fill*         0x0000000008000356        0x2 
 .text.HAL_MspInit
                0x0000000008000358       0x64 ./Core/Src/stm32f1xx_hal_msp.o
                0x0000000008000358                HAL_MspInit
 .text.NMI_Handler
                0x00000000080003bc        0x6 ./Core/Src/stm32f1xx_it.o
                0x00000000080003bc                NMI_Handler
 .text.HardFault_Handler
                0x00000000080003c2        0x6 ./Core/Src/stm32f1xx_it.o
                0x00000000080003c2                HardFault_Handler
 .text.MemManage_Handler
                0x00000000080003c8        0x6 ./Core/Src/stm32f1xx_it.o
                0x00000000080003c8                MemManage_Handler
 .text.BusFault_Handler
                0x00000000080003ce        0x6 ./Core/Src/stm32f1xx_it.o
                0x00000000080003ce                BusFault_Handler
 .text.UsageFault_Handler
                0x00000000080003d4        0x6 ./Core/Src/stm32f1xx_it.o
                0x00000000080003d4                UsageFault_Handler
 .text.SVC_Handler
                0x00000000080003da        0xc ./Core/Src/stm32f1xx_it.o
                0x00000000080003da                SVC_Handler
 .text.DebugMon_Handler
                0x00000000080003e6        0xc ./Core/Src/stm32f1xx_it.o
                0x00000000080003e6                DebugMon_Handler
 .text.PendSV_Handler
                0x00000000080003f2        0xc ./Core/Src/stm32f1xx_it.o
                0x00000000080003f2                PendSV_Handler
 .text.SysTick_Handler
                0x00000000080003fe        0xc ./Core/Src/stm32f1xx_it.o
                0x00000000080003fe                SysTick_Handler
 *fill*         0x000000000800040a        0x2 
 .text.SystemInit
                0x000000000800040c       0x70 ./Core/Src/system_stm32f1xx.o
                0x000000000800040c                SystemInit
 .text.Reset_Handler
                0x000000000800047c       0x48 ./Core/Startup/startup_stm32f100rbtx.o
                0x000000000800047c                Reset_Handler
 .text.Default_Handler
                0x00000000080004c4        0x2 ./Core/Startup/startup_stm32f100rbtx.o
                0x00000000080004c4                RTC_Alarm_IRQHandler
                0x00000000080004c4                EXTI2_IRQHandler
                0x00000000080004c4                TIM1_CC_IRQHandler
                0x00000000080004c4                PVD_IRQHandler
                0x00000000080004c4                EXTI3_IRQHandler
                0x00000000080004c4                EXTI0_IRQHandler
                0x00000000080004c4                TIM1_UP_TIM16_IRQHandler
                0x00000000080004c4                SPI1_IRQHandler
                0x00000000080004c4                TAMPER_IRQHandler
                0x00000000080004c4                TIM6_DAC_IRQHandler
                0x00000000080004c4                DMA1_Channel4_IRQHandler
                0x00000000080004c4                ADC1_IRQHandler
                0x00000000080004c4                USART3_IRQHandler
                0x00000000080004c4                RTC_IRQHandler
                0x00000000080004c4                DMA1_Channel7_IRQHandler
                0x00000000080004c4                TIM4_IRQHandler
                0x00000000080004c4                I2C1_EV_IRQHandler
                0x00000000080004c4                DMA1_Channel6_IRQHandler
                0x00000000080004c4                TIM3_IRQHandler
                0x00000000080004c4                RCC_IRQHandler
                0x00000000080004c4                DMA1_Channel1_IRQHandler
                0x00000000080004c4                Default_Handler
                0x00000000080004c4                CEC_IRQHandler
                0x00000000080004c4                EXTI15_10_IRQHandler
                0x00000000080004c4                TIM7_IRQHandler
                0x00000000080004c4                EXTI9_5_IRQHandler
                0x00000000080004c4                DMA1_Channel5_IRQHandler
                0x00000000080004c4                EXTI4_IRQHandler
                0x00000000080004c4                TIM1_TRG_COM_TIM17_IRQHandler
                0x00000000080004c4                DMA1_Channel3_IRQHandler
                0x00000000080004c4                WWDG_IRQHandler
                0x00000000080004c4                TIM2_IRQHandler
                0x00000000080004c4                EXTI1_IRQHandler
                0x00000000080004c4                USART2_IRQHandler
                0x00000000080004c4                DMA1_Channel2_IRQHandler
                0x00000000080004c4                FLASH_IRQHandler
                0x00000000080004c4                USART1_IRQHandler
                0x00000000080004c4                I2C1_ER_IRQHandler
                0x00000000080004c4                TIM1_BRK_TIM15_IRQHandler
 .text.HAL_Init
                0x00000000080004c6       0x1a ./Drivers/STM32F1xx_HAL_Driver/Src/stm32f1xx_hal.o
                0x00000000080004c6                HAL_Init
 .text.HAL_InitTick
                0x00000000080004e0       0x60 ./Drivers/STM32F1xx_HAL_Driver/Src/stm32f1xx_hal.o
                0x00000000080004e0                HAL_InitTick
 .text.HAL_IncTick
                0x0000000008000540       0x24 ./Drivers/STM32F1xx_HAL_Driver/Src/stm32f1xx_hal.o
                0x0000000008000540                HAL_IncTick
 .text.HAL_GetTick
                0x0000000008000564       0x14 ./Drivers/STM32F1xx_HAL_Driver/Src/stm32f1xx_hal.o
                0x0000000008000564                HAL_GetTick
 .text.__NVIC_SetPriorityGrouping
                0x0000000008000578       0x48 ./Drivers/STM32F1xx_HAL_Driver/Src/stm32f1xx_hal_cortex.o
 .text.__NVIC_GetPriorityGrouping
                0x00000000080005c0       0x1c ./Drivers/STM32F1xx_HAL_Driver/Src/stm32f1xx_hal_cortex.o
 .text.__NVIC_SetPriority
                0x00000000080005dc       0x54 ./Drivers/STM32F1xx_HAL_Driver/Src/stm32f1xx_hal_cortex.o
 .text.NVIC_EncodePriority
                0x0000000008000630       0x64 ./Drivers/STM32F1xx_HAL_Driver/Src/stm32f1xx_hal_cortex.o
 .text.SysTick_Config
                0x0000000008000694       0x44 ./Drivers/STM32F1xx_HAL_Driver/Src/stm32f1xx_hal_cortex.o
 .text.HAL_NVIC_SetPriorityGrouping
                0x00000000080006d8       0x16 ./Drivers/STM32F1xx_HAL_Driver/Src/stm32f1xx_hal_cortex.o
                0x00000000080006d8                HAL_NVIC_SetPriorityGrouping
 .text.HAL_NVIC_SetPriority
                0x00000000080006ee       0x38 ./Drivers/STM32F1xx_HAL_Driver/Src/stm32f1xx_hal_cortex.o
                0x00000000080006ee                HAL_NVIC_SetPriority
 .text.HAL_SYSTICK_Config
                0x0000000008000726       0x18 ./Drivers/STM32F1xx_HAL_Driver/Src/stm32f1xx_hal_cortex.o
                0x0000000008000726                HAL_SYSTICK_Config
 *fill*         0x000000000800073e        0x2 
 .text.HAL_RCC_OscConfig
                0x0000000008000740      0x500 ./Drivers/STM32F1xx_HAL_Driver/Src/stm32f1xx_hal_rcc.o
                0x0000000008000740                HAL_RCC_OscConfig
 .text.HAL_RCC_ClockConfig
                0x0000000008000c40      0x170 ./Drivers/STM32F1xx_HAL_Driver/Src/stm32f1xx_hal_rcc.o
                0x0000000008000c40                HAL_RCC_ClockConfig
 .text.HAL_RCC_GetSysClockFreq
                0x0000000008000db0       0xc8 ./Drivers/STM32F1xx_HAL_Driver/Src/stm32f1xx_hal_rcc.o
                0x0000000008000db0                HAL_RCC_GetSysClockFreq
 .text.RCC_Delay
                0x0000000008000e78       0x3c ./Drivers/STM32F1xx_HAL_Driver/Src/stm32f1xx_hal_rcc.o
 .text.__libc_init_array
                0x0000000008000eb4       0x48 d:/stm/stm32cubeide_1.8.0/stm32cubeide/plugins/com.st.stm32cube.ide.mcu.externaltools.gnu-tools-for-stm32.9-2020-q2-update.win32_2.0.0.202105311346/tools/bin/../lib/gcc/arm-none-eabi/9.3.1/../../../../arm-none-eabi/lib/thumb/v7-m/nofp\libc_nano.a(lib_a-init.o)
                0x0000000008000eb4                __libc_init_array
 .text.memset   0x0000000008000efc       0x10 d:/stm/stm32cubeide_1.8.0/stm32cubeide/plugins/com.st.stm32cube.ide.mcu.externaltools.gnu-tools-for-stm32.9-2020-q2-update.win32_2.0.0.202105311346/tools/bin/../lib/gcc/arm-none-eabi/9.3.1/../../../../arm-none-eabi/lib/thumb/v7-m/nofp\libc_nano.a(lib_a-memset.o)
                0x0000000008000efc                memset
 *(.glue_7)
 .glue_7        0x0000000008000f0c        0x0 linker stubs
 *(.glue_7t)
 .glue_7t       0x0000000008000f0c        0x0 linker stubs
 *(.eh_frame)
 .eh_frame      0x0000000008000f0c        0x0 d:/stm/stm32cubeide_1.8.0/stm32cubeide/plugins/com.st.stm32cube.ide.mcu.externaltools.gnu-tools-for-stm32.9-2020-q2-update.win32_2.0.0.202105311346/tools/bin/../lib/gcc/arm-none-eabi/9.3.1/thumb/v7-m/nofp/crtbegin.o
 *(.init)
 .init          0x0000000008000f0c        0x4 d:/stm/stm32cubeide_1.8.0/stm32cubeide/plugins/com.st.stm32cube.ide.mcu.externaltools.gnu-tools-for-stm32.9-2020-q2-update.win32_2.0.0.202105311346/tools/bin/../lib/gcc/arm-none-eabi/9.3.1/thumb/v7-m/nofp/crti.o
                0x0000000008000f0c                _init
 .init          0x0000000008000f10        0x8 d:/stm/stm32cubeide_1.8.0/stm32cubeide/plugins/com.st.stm32cube.ide.mcu.externaltools.gnu-tools-for-stm32.9-2020-q2-update.win32_2.0.0.202105311346/tools/bin/../lib/gcc/arm-none-eabi/9.3.1/thumb/v7-m/nofp/crtn.o
 *(.fini)
 .fini          0x0000000008000f18        0x4 d:/stm/stm32cubeide_1.8.0/stm32cubeide/plugins/com.st.stm32cube.ide.mcu.externaltools.gnu-tools-for-stm32.9-2020-q2-update.win32_2.0.0.202105311346/tools/bin/../lib/gcc/arm-none-eabi/9.3.1/thumb/v7-m/nofp/crti.o
                0x0000000008000f18                _fini
 .fini          0x0000000008000f1c        0x8 d:/stm/stm32cubeide_1.8.0/stm32cubeide/plugins/com.st.stm32cube.ide.mcu.externaltools.gnu-tools-for-stm32.9-2020-q2-update.win32_2.0.0.202105311346/tools/bin/../lib/gcc/arm-none-eabi/9.3.1/thumb/v7-m/nofp/crtn.o
                0x0000000008000f24                . = ALIGN (0x4)
                0x0000000008000f24                _etext = .

.vfp11_veneer   0x0000000008000f24        0x0
 .vfp11_veneer  0x0000000008000f24        0x0 linker stubs

.v4_bx          0x0000000008000f24        0x0
 .v4_bx         0x0000000008000f24        0x0 linker stubs

.iplt           0x0000000008000f24        0x0
 .iplt          0x0000000008000f24        0x0 d:/stm/stm32cubeide_1.8.0/stm32cubeide/plugins/com.st.stm32cube.ide.mcu.externaltools.gnu-tools-for-stm32.9-2020-q2-update.win32_2.0.0.202105311346/tools/bin/../lib/gcc/arm-none-eabi/9.3.1/thumb/v7-m/nofp/crtbegin.o

.rodata         0x0000000008000f24       0x30
                0x0000000008000f24                . = ALIGN (0x4)
 *(.rodata)
 .rodata        0x0000000008000f24       0x20 ./Drivers/STM32F1xx_HAL_Driver/Src/stm32f1xx_hal_rcc.o
 *(.rodata*)
 .rodata.AHBPrescTable
                0x0000000008000f44       0x10 ./Core/Src/system_stm32f1xx.o
                0x0000000008000f44                AHBPrescTable
                0x0000000008000f54                . = ALIGN (0x4)

.rel.dyn        0x0000000008000f54        0x0
 .rel.iplt      0x0000000008000f54        0x0 d:/stm/stm32cubeide_1.8.0/stm32cubeide/plugins/com.st.stm32cube.ide.mcu.externaltools.gnu-tools-for-stm32.9-2020-q2-update.win32_2.0.0.202105311346/tools/bin/../lib/gcc/arm-none-eabi/9.3.1/thumb/v7-m/nofp/crtbegin.o

.ARM.extab      0x0000000008000f54        0x0
                0x0000000008000f54                . = ALIGN (0x4)
 *(.ARM.extab* .gnu.linkonce.armextab.*)
                0x0000000008000f54                . = ALIGN (0x4)

.ARM            0x0000000008000f54        0x0
                0x0000000008000f54                . = ALIGN (0x4)
                0x0000000008000f54                __exidx_start = .
 *(.ARM.exidx*)
                0x0000000008000f54                __exidx_end = .
                0x0000000008000f54                . = ALIGN (0x4)

.preinit_array  0x0000000008000f54        0x0
                0x0000000008000f54                . = ALIGN (0x4)
                0x0000000008000f54                PROVIDE (__preinit_array_start = .)
 *(.preinit_array*)
                0x0000000008000f54                PROVIDE (__preinit_array_end = .)
                0x0000000008000f54                . = ALIGN (0x4)

.init_array     0x0000000008000f54        0x4
                0x0000000008000f54                . = ALIGN (0x4)
                0x0000000008000f54                PROVIDE (__init_array_start = .)
 *(SORT_BY_NAME(.init_array.*))
 *(.init_array*)
 .init_array    0x0000000008000f54        0x4 d:/stm/stm32cubeide_1.8.0/stm32cubeide/plugins/com.st.stm32cube.ide.mcu.externaltools.gnu-tools-for-stm32.9-2020-q2-update.win32_2.0.0.202105311346/tools/bin/../lib/gcc/arm-none-eabi/9.3.1/thumb/v7-m/nofp/crtbegin.o
                0x0000000008000f58                PROVIDE (__init_array_end = .)
                0x0000000008000f58                . = ALIGN (0x4)

.fini_array     0x0000000008000f58        0x4
                0x0000000008000f58                . = ALIGN (0x4)
                [!provide]                        PROVIDE (__fini_array_start = .)
 *(SORT_BY_NAME(.fini_array.*))
 *(.fini_array*)
 .fini_array    0x0000000008000f58        0x4 d:/stm/stm32cubeide_1.8.0/stm32cubeide/plugins/com.st.stm32cube.ide.mcu.externaltools.gnu-tools-for-stm32.9-2020-q2-update.win32_2.0.0.202105311346/tools/bin/../lib/gcc/arm-none-eabi/9.3.1/thumb/v7-m/nofp/crtbegin.o
                [!provide]                        PROVIDE (__fini_array_end = .)
                0x0000000008000f5c                . = ALIGN (0x4)
                0x0000000008000f5c                _sidata = LOADADDR (.data)

.data           0x0000000020000000        0xc load address 0x0000000008000f5c
                0x0000000020000000                . = ALIGN (0x4)
                0x0000000020000000                _sdata = .
 *(.data)
 *(.data*)
 .data.SystemCoreClock
                0x0000000020000000        0x4 ./Core/Src/system_stm32f1xx.o
                0x0000000020000000                SystemCoreClock
 .data.uwTickPrio
                0x0000000020000004        0x4 ./Drivers/STM32F1xx_HAL_Driver/Src/stm32f1xx_hal.o
                0x0000000020000004                uwTickPrio
 .data.uwTickFreq
                0x0000000020000008        0x1 ./Drivers/STM32F1xx_HAL_Driver/Src/stm32f1xx_hal.o
                0x0000000020000008                uwTickFreq
 *(.RamFunc)
 *(.RamFunc*)
                0x000000002000000c                . = ALIGN (0x4)
 *fill*         0x0000000020000009        0x3 
                0x000000002000000c                _edata = .

.igot.plt       0x000000002000000c        0x0 load address 0x0000000008000f68
 .igot.plt      0x000000002000000c        0x0 d:/stm/stm32cubeide_1.8.0/stm32cubeide/plugins/com.st.stm32cube.ide.mcu.externaltools.gnu-tools-for-stm32.9-2020-q2-update.win32_2.0.0.202105311346/tools/bin/../lib/gcc/arm-none-eabi/9.3.1/thumb/v7-m/nofp/crtbegin.o
                0x000000002000000c                . = ALIGN (0x4)

.bss            0x000000002000000c      0x124 load address 0x0000000008000f68
                0x000000002000000c                _sbss = .
                0x000000002000000c                __bss_start__ = _sbss
 *(.bss)
 .bss           0x000000002000000c       0x1c d:/stm/stm32cubeide_1.8.0/stm32cubeide/plugins/com.st.stm32cube.ide.mcu.externaltools.gnu-tools-for-stm32.9-2020-q2-update.win32_2.0.0.202105311346/tools/bin/../lib/gcc/arm-none-eabi/9.3.1/thumb/v7-m/nofp/crtbegin.o
 *(.bss*)
 .bss.B         0x0000000020000028        0x2 ./Core/Src/main.o
                0x0000000020000028                B
 .bss.C         0x000000002000002a        0x2 ./Core/Src/main.o
                0x000000002000002a                C
 .bss.D         0x000000002000002c        0x4 ./Core/Src/main.o
                0x000000002000002c                D
 *(COMMON)
 COMMON         0x0000000020000030       0xfa ./Core/Src/main.o
                0x0000000020000030                A
 *fill*         0x000000002000012a        0x2 
 COMMON         0x000000002000012c        0x4 ./Drivers/STM32F1xx_HAL_Driver/Src/stm32f1xx_hal.o
                0x000000002000012c                uwTick
                0x0000000020000130                . = ALIGN (0x4)
                0x0000000020000130                _ebss = .
                0x0000000020000130                __bss_end__ = _ebss

._user_heap_stack
                0x0000000020000130      0x600 load address 0x0000000008000f68
                0x0000000020000130                . = ALIGN (0x8)
                [!provide]                        PROVIDE (end = .)
                0x0000000020000130                PROVIDE (_end = .)
                0x0000000020000330                . = (. + _Min_Heap_Size)
 *fill*         0x0000000020000130      0x200 
                0x0000000020000730                . = (. + _Min_Stack_Size)
 *fill*         0x0000000020000330      0x400 
                0x0000000020000730                . = ALIGN (0x8)

/DISCARD/
 libc.a(*)
 libm.a(*)
 libgcc.a(*)

.ARM.attributes
                0x0000000000000000       0x29
 *(.ARM.attributes)
 .ARM.attributes
                0x0000000000000000       0x1d d:/stm/stm32cubeide_1.8.0/stm32cubeide/plugins/com.st.stm32cube.ide.mcu.externaltools.gnu-tools-for-stm32.9-2020-q2-update.win32_2.0.0.202105311346/tools/bin/../lib/gcc/arm-none-eabi/9.3.1/thumb/v7-m/nofp/crti.o
 .ARM.attributes
                0x000000000000001d       0x2d d:/stm/stm32cubeide_1.8.0/stm32cubeide/plugins/com.st.stm32cube.ide.mcu.externaltools.gnu-tools-for-stm32.9-2020-q2-update.win32_2.0.0.202105311346/tools/bin/../lib/gcc/arm-none-eabi/9.3.1/thumb/v7-m/nofp/crtbegin.o
 .ARM.attributes
                0x000000000000004a       0x2d ./Core/Src/main.o
 .ARM.attributes
                0x0000000000000077       0x2d ./Core/Src/stm32f1xx_hal_msp.o
 .ARM.attributes
                0x00000000000000a4       0x2d ./Core/Src/stm32f1xx_it.o
 .ARM.attributes
                0x00000000000000d1       0x2d ./Core/Src/system_stm32f1xx.o
 .ARM.attributes
                0x00000000000000fe       0x21 ./Core/Startup/startup_stm32f100rbtx.o
 .ARM.attributes
                0x000000000000011f       0x2d ./Drivers/STM32F1xx_HAL_Driver/Src/stm32f1xx_hal.o
 .ARM.attributes
                0x000000000000014c       0x2d ./Drivers/STM32F1xx_HAL_Driver/Src/stm32f1xx_hal_cortex.o
 .ARM.attributes
                0x0000000000000179       0x2d ./Drivers/STM32F1xx_HAL_Driver/Src/stm32f1xx_hal_rcc.o
 .ARM.attributes
                0x00000000000001a6       0x2d d:/stm/stm32cubeide_1.8.0/stm32cubeide/plugins/com.st.stm32cube.ide.mcu.externaltools.gnu-tools-for-stm32.9-2020-q2-update.win32_2.0.0.202105311346/tools/bin/../lib/gcc/arm-none-eabi/9.3.1/../../../../arm-none-eabi/lib/thumb/v7-m/nofp\libc_nano.a(lib_a-init.o)
 .ARM.attributes
                0x00000000000001d3       0x2d d:/stm/stm32cubeide_1.8.0/stm32cubeide/plugins/com.st.stm32cube.ide.mcu.externaltools.gnu-tools-for-stm32.9-2020-q2-update.win32_2.0.0.202105311346/tools/bin/../lib/gcc/arm-none-eabi/9.3.1/../../../../arm-none-eabi/lib/thumb/v7-m/nofp\libc_nano.a(lib_a-memset.o)
 .ARM.attributes
                0x0000000000000200       0x1d d:/stm/stm32cubeide_1.8.0/stm32cubeide/plugins/com.st.stm32cube.ide.mcu.externaltools.gnu-tools-for-stm32.9-2020-q2-update.win32_2.0.0.202105311346/tools/bin/../lib/gcc/arm-none-eabi/9.3.1/thumb/v7-m/nofp/crtn.o
OUTPUT(Exercise 2.elf elf32-littlearm)
LOAD linker stubs
LOAD d:/stm/stm32cubeide_1.8.0/stm32cubeide/plugins/com.st.stm32cube.ide.mcu.externaltools.gnu-tools-for-stm32.9-2020-q2-update.win32_2.0.0.202105311346/tools/bin/../lib/gcc/arm-none-eabi/9.3.1/../../../../arm-none-eabi/lib/thumb/v7-m/nofp\libc.a
LOAD d:/stm/stm32cubeide_1.8.0/stm32cubeide/plugins/com.st.stm32cube.ide.mcu.externaltools.gnu-tools-for-stm32.9-2020-q2-update.win32_2.0.0.202105311346/tools/bin/../lib/gcc/arm-none-eabi/9.3.1/../../../../arm-none-eabi/lib/thumb/v7-m/nofp\libm.a
LOAD d:/stm/stm32cubeide_1.8.0/stm32cubeide/plugins/com.st.stm32cube.ide.mcu.externaltools.gnu-tools-for-stm32.9-2020-q2-update.win32_2.0.0.202105311346/tools/bin/../lib/gcc/arm-none-eabi/9.3.1/thumb/v7-m/nofp\libgcc.a

.debug_info     0x0000000000000000     0x3238
 .debug_info    0x0000000000000000      0xdf6 ./Core/Src/main.o
 .debug_info    0x0000000000000df6      0x30c ./Core/Src/stm32f1xx_hal_msp.o
 .debug_info    0x0000000000001102      0x211 ./Core/Src/stm32f1xx_it.o
 .debug_info    0x0000000000001313      0x47e ./Core/Src/system_stm32f1xx.o
 .debug_info    0x0000000000001791       0x22 ./Core/Startup/startup_stm32f100rbtx.o
 .debug_info    0x00000000000017b3      0x6cb ./Drivers/STM32F1xx_HAL_Driver/Src/stm32f1xx_hal.o
 .debug_info    0x0000000000001e7e      0xbc4 ./Drivers/STM32F1xx_HAL_Driver/Src/stm32f1xx_hal_cortex.o
 .debug_info    0x0000000000002a42      0x7f6 ./Drivers/STM32F1xx_HAL_Driver/Src/stm32f1xx_hal_rcc.o

.debug_abbrev   0x0000000000000000      0xdb3
 .debug_abbrev  0x0000000000000000      0x2a5 ./Core/Src/main.o
 .debug_abbrev  0x00000000000002a5      0x11d ./Core/Src/stm32f1xx_hal_msp.o
 .debug_abbrev  0x00000000000003c2       0xd2 ./Core/Src/stm32f1xx_it.o
 .debug_abbrev  0x0000000000000494      0x156 ./Core/Src/system_stm32f1xx.o
 .debug_abbrev  0x00000000000005ea       0x12 ./Core/Startup/startup_stm32f100rbtx.o
 .debug_abbrev  0x00000000000005fc      0x231 ./Drivers/STM32F1xx_HAL_Driver/Src/stm32f1xx_hal.o
 .debug_abbrev  0x000000000000082d      0x313 ./Drivers/STM32F1xx_HAL_Driver/Src/stm32f1xx_hal_cortex.o
 .debug_abbrev  0x0000000000000b40      0x273 ./Drivers/STM32F1xx_HAL_Driver/Src/stm32f1xx_hal_rcc.o

.debug_aranges  0x0000000000000000      0x378
 .debug_aranges
                0x0000000000000000       0x38 ./Core/Src/main.o
 .debug_aranges
                0x0000000000000038       0x20 ./Core/Src/stm32f1xx_hal_msp.o
 .debug_aranges
                0x0000000000000058       0x60 ./Core/Src/stm32f1xx_it.o
 .debug_aranges
                0x00000000000000b8       0x28 ./Core/Src/system_stm32f1xx.o
 .debug_aranges
                0x00000000000000e0       0x28 ./Core/Startup/startup_stm32f100rbtx.o
 .debug_aranges
                0x0000000000000108       0xe0 ./Drivers/STM32F1xx_HAL_Driver/Src/stm32f1xx_hal.o
 .debug_aranges
                0x00000000000001e8      0x100 ./Drivers/STM32F1xx_HAL_Driver/Src/stm32f1xx_hal_cortex.o
 .debug_aranges
                0x00000000000002e8       0x90 ./Drivers/STM32F1xx_HAL_Driver/Src/stm32f1xx_hal_rcc.o

.debug_ranges   0x0000000000000000      0x300
 .debug_ranges  0x0000000000000000       0x28 ./Core/Src/main.o
 .debug_ranges  0x0000000000000028       0x10 ./Core/Src/stm32f1xx_hal_msp.o
 .debug_ranges  0x0000000000000038       0x50 ./Core/Src/stm32f1xx_it.o
 .debug_ranges  0x0000000000000088       0x18 ./Core/Src/system_stm32f1xx.o
 .debug_ranges  0x00000000000000a0       0x20 ./Core/Startup/startup_stm32f100rbtx.o
 .debug_ranges  0x00000000000000c0       0xd0 ./Drivers/STM32F1xx_HAL_Driver/Src/stm32f1xx_hal.o
 .debug_ranges  0x0000000000000190       0xf0 ./Drivers/STM32F1xx_HAL_Driver/Src/stm32f1xx_hal_cortex.o
 .debug_ranges  0x0000000000000280       0x80 ./Drivers/STM32F1xx_HAL_Driver/Src/stm32f1xx_hal_rcc.o

.debug_macro    0x0000000000000000     0xc206
 .debug_macro   0x0000000000000000      0x265 ./Core/Src/main.o
 .debug_macro   0x0000000000000265      0xa9c ./Core/Src/main.o
 .debug_macro   0x0000000000000d01      0x20f ./Core/Src/main.o
 .debug_macro   0x0000000000000f10       0x2e ./Core/Src/main.o
 .debug_macro   0x0000000000000f3e       0x22 ./Core/Src/main.o
 .debug_macro   0x0000000000000f60       0x22 ./Core/Src/main.o
 .debug_macro   0x0000000000000f82       0x8e ./Core/Src/main.o
 .debug_macro   0x0000000000001010       0x51 ./Core/Src/main.o
 .debug_macro   0x0000000000001061      0x103 ./Core/Src/main.o
 .debug_macro   0x0000000000001164       0x6a ./Core/Src/main.o
 .debug_macro   0x00000000000011ce      0x1df ./Core/Src/main.o
 .debug_macro   0x00000000000013ad       0x1c ./Core/Src/main.o
 .debug_macro   0x00000000000013c9       0x22 ./Core/Src/main.o
 .debug_macro   0x00000000000013eb       0xc3 ./Core/Src/main.o
 .debug_macro   0x00000000000014ae      0xd23 ./Core/Src/main.o
 .debug_macro   0x00000000000021d1     0x75c9 ./Core/Src/main.o
 .debug_macro   0x000000000000979a       0x43 ./Core/Src/main.o
 .debug_macro   0x00000000000097dd      0x174 ./Core/Src/main.o
 .debug_macro   0x0000000000009951       0x5a ./Core/Src/main.o
 .debug_macro   0x00000000000099ab      0x5be ./Core/Src/main.o
 .debug_macro   0x0000000000009f69      0x369 ./Core/Src/main.o
 .debug_macro   0x000000000000a2d2      0x1cb ./Core/Src/main.o
 .debug_macro   0x000000000000a49d      0x114 ./Core/Src/main.o
 .debug_macro   0x000000000000a5b1      0x1f1 ./Core/Src/main.o
 .debug_macro   0x000000000000a7a2       0x27 ./Core/Src/main.o
 .debug_macro   0x000000000000a7c9      0x130 ./Core/Src/main.o
 .debug_macro   0x000000000000a8f9      0x1bc ./Core/Src/main.o
 .debug_macro   0x000000000000aab5       0x34 ./Core/Src/main.o
 .debug_macro   0x000000000000aae9       0x3c ./Core/Src/main.o
 .debug_macro   0x000000000000ab25       0x57 ./Core/Src/main.o
 .debug_macro   0x000000000000ab7c       0x6c ./Core/Src/main.o
 .debug_macro   0x000000000000abe8      0x241 ./Core/Src/main.o
 .debug_macro   0x000000000000ae29      0x141 ./Core/Src/main.o
 .debug_macro   0x000000000000af6a       0x9f ./Core/Src/main.o
 .debug_macro   0x000000000000b009       0x52 ./Core/Src/main.o
 .debug_macro   0x000000000000b05b       0x18 ./Core/Src/main.o
 .debug_macro   0x000000000000b073       0x3c ./Core/Src/main.o
 .debug_macro   0x000000000000b0af       0x34 ./Core/Src/main.o
 .debug_macro   0x000000000000b0e3       0x16 ./Core/Src/main.o
 .debug_macro   0x000000000000b0f9       0x43 ./Core/Src/main.o
 .debug_macro   0x000000000000b13c       0x34 ./Core/Src/main.o
 .debug_macro   0x000000000000b170       0x10 ./Core/Src/main.o
 .debug_macro   0x000000000000b180       0x58 ./Core/Src/main.o
 .debug_macro   0x000000000000b1d8       0x71 ./Core/Src/main.o
 .debug_macro   0x000000000000b249       0x1c ./Core/Src/main.o
 .debug_macro   0x000000000000b265      0x12a ./Core/Src/main.o
 .debug_macro   0x000000000000b38f      0x333 ./Core/Src/main.o
 .debug_macro   0x000000000000b6c2       0x10 ./Core/Src/main.o
 .debug_macro   0x000000000000b6d2       0x35 ./Core/Src/main.o
 .debug_macro   0x000000000000b707       0x20 ./Core/Src/main.o
 .debug_macro   0x000000000000b727      0x1a9 ./Core/Src/main.o
 .debug_macro   0x000000000000b8d0      0x184 ./Core/Src/stm32f1xx_hal_msp.o
 .debug_macro   0x000000000000ba54      0x18e ./Core/Src/stm32f1xx_it.o
 .debug_macro   0x000000000000bbe2      0x180 ./Core/Src/system_stm32f1xx.o
 .debug_macro   0x000000000000bd62      0x19e ./Drivers/STM32F1xx_HAL_Driver/Src/stm32f1xx_hal.o
 .debug_macro   0x000000000000bf00      0x17a ./Drivers/STM32F1xx_HAL_Driver/Src/stm32f1xx_hal_cortex.o
 .debug_macro   0x000000000000c07a      0x18c ./Drivers/STM32F1xx_HAL_Driver/Src/stm32f1xx_hal_rcc.o

.debug_line     0x0000000000000000     0x3bba
 .debug_line    0x0000000000000000      0x84d ./Core/Src/main.o
 .debug_line    0x000000000000084d      0x5f7 ./Core/Src/stm32f1xx_hal_msp.o
 .debug_line    0x0000000000000e44      0x6b9 ./Core/Src/stm32f1xx_it.o
 .debug_line    0x00000000000014fd      0x68d ./Core/Src/system_stm32f1xx.o
 .debug_line    0x0000000000001b8a       0x84 ./Core/Startup/startup_stm32f100rbtx.o
 .debug_line    0x0000000000001c0e      0x89b ./Drivers/STM32F1xx_HAL_Driver/Src/stm32f1xx_hal.o
 .debug_line    0x00000000000024a9      0xa8a ./Drivers/STM32F1xx_HAL_Driver/Src/stm32f1xx_hal_cortex.o
 .debug_line    0x0000000000002f33      0xc87 ./Drivers/STM32F1xx_HAL_Driver/Src/stm32f1xx_hal_rcc.o

.debug_str      0x0000000000000000    0x467dd
 .debug_str     0x0000000000000000    0x45a72 ./Core/Src/main.o
                                      0x45e0c (size before relaxing)
 .debug_str     0x0000000000045a72       0x50 ./Core/Src/stm32f1xx_hal_msp.o
                                      0x42266 (size before relaxing)
 .debug_str     0x0000000000045ac2       0xbd ./Core/Src/stm32f1xx_it.o
                                      0x4227d (size before relaxing)
 .debug_str     0x0000000000045b7f       0xd0 ./Core/Src/system_stm32f1xx.o
                                      0x422d5 (size before relaxing)
 .debug_str     0x0000000000045c4f       0x36 ./Core/Startup/startup_stm32f100rbtx.o
                                         0x4e (size before relaxing)
 .debug_str     0x0000000000045c85      0x5fa ./Drivers/STM32F1xx_HAL_Driver/Src/stm32f1xx_hal.o
                                      0x4289c (size before relaxing)
 .debug_str     0x000000000004627f      0x2c8 ./Drivers/STM32F1xx_HAL_Driver/Src/stm32f1xx_hal_cortex.o
                                      0x428c3 (size before relaxing)
 .debug_str     0x0000000000046547      0x296 ./Drivers/STM32F1xx_HAL_Driver/Src/stm32f1xx_hal_rcc.o
                                      0x42631 (size before relaxing)

.comment        0x0000000000000000       0x53
 .comment       0x0000000000000000       0x53 ./Core/Src/main.o
                                         0x54 (size before relaxing)
 .comment       0x0000000000000053       0x54 ./Core/Src/stm32f1xx_hal_msp.o
 .comment       0x0000000000000053       0x54 ./Core/Src/stm32f1xx_it.o
 .comment       0x0000000000000053       0x54 ./Core/Src/system_stm32f1xx.o
 .comment       0x0000000000000053       0x54 ./Drivers/STM32F1xx_HAL_Driver/Src/stm32f1xx_hal.o
 .comment       0x0000000000000053       0x54 ./Drivers/STM32F1xx_HAL_Driver/Src/stm32f1xx_hal_cortex.o
 .comment       0x0000000000000053       0x54 ./Drivers/STM32F1xx_HAL_Driver/Src/stm32f1xx_hal_rcc.o

.debug_frame    0x0000000000000000      0xbec
 .debug_frame   0x0000000000000000       0x94 ./Core/Src/main.o
 .debug_frame   0x0000000000000094       0x38 ./Core/Src/stm32f1xx_hal_msp.o
 .debug_frame   0x00000000000000cc      0x104 ./Core/Src/stm32f1xx_it.o
 .debug_frame   0x00000000000001d0       0x58 ./Core/Src/system_stm32f1xx.o
 .debug_frame   0x0000000000000228      0x334 ./Drivers/STM32F1xx_HAL_Driver/Src/stm32f1xx_hal.o
 .debug_frame   0x000000000000055c      0x428 ./Drivers/STM32F1xx_HAL_Driver/Src/stm32f1xx_hal_cortex.o
 .debug_frame   0x0000000000000984      0x21c ./Drivers/STM32F1xx_HAL_Driver/Src/stm32f1xx_hal_rcc.o
 .debug_frame   0x0000000000000ba0       0x2c d:/stm/stm32cubeide_1.8.0/stm32cubeide/plugins/com.st.stm32cube.ide.mcu.externaltools.gnu-tools-for-stm32.9-2020-q2-update.win32_2.0.0.202105311346/tools/bin/../lib/gcc/arm-none-eabi/9.3.1/../../../../arm-none-eabi/lib/thumb/v7-m/nofp\libc_nano.a(lib_a-init.o)
 .debug_frame   0x0000000000000bcc       0x20 d:/stm/stm32cubeide_1.8.0/stm32cubeide/plugins/com.st.stm32cube.ide.mcu.externaltools.gnu-tools-for-stm32.9-2020-q2-update.win32_2.0.0.202105311346/tools/bin/../lib/gcc/arm-none-eabi/9.3.1/../../../../arm-none-eabi/lib/thumb/v7-m/nofp\libc_nano.a(lib_a-memset.o)
