stm32f1xx_ll_usart.h:2082:22:LL_USART_EnableIT_RXNE	16	static
stm32f1xx_ll_usart.h:2396:22:LL_USART_EnableDMAReq_TX	16	static
stm32f1xx_ll_usart.h:2430:26:LL_USART_DMA_GetRegAddr	16	static
stm32f1xx_ll_usart.h:2450:25:LL_USART_ReceiveData8	16	static
stm32f1xx_ll_dma.h:454:22:LL_DMA_EnableChannel	16	static
stm32f1xx_ll_dma.h:473:22:LL_DMA_DisableChannel	16	static
stm32f1xx_ll_dma.h:880:22:LL_DMA_SetDataLength	24	static
stm32f1xx_ll_dma.h:931:22:LL_DMA_ConfigAddresses	24	static
stm32f1xx_ll_dma.h:1240:26:LL_DMA_IsActiveFlag_TC4	16	static
stm32f1xx_ll_dma.h:1548:22:LL_DMA_ClearFlag_TC4	16	static
stm32f1xx_ll_dma.h:1762:22:LL_DMA_EnableIT_TC	16	static
ESP8266DRV07.c:59:6:ESP8266_USART_CALLBACK	16	static
ESP8266DRV07.c:69:6:USART_DMA_ACTIVE	8	static
ESP8266DRV07.c:76:6:USART_DMA_TC_CALLBACK	8	static
ESP8266DRV07.c:85:9:ESP8266_DMA_send	48	static
ESP8266DRV07.c:117:6:BUF_clear	16	static
ESP8266DRV07.c:127:6:WIFI_ENABLE	8	static
ESP8266DRV07.c:135:6:WIFI_RESET_HARD	24	static
ESP8266DRV07.c:158:9:ESP_AT	16	static
ESP8266DRV07.c:167:9:ESP_WIFI_MODE_SET	32	static
ESP8266DRV07.c:193:9:DHCP_ONOFF	32	static
ESP8266DRV07.c:231:9:WIFI_CIP	32	static
ESP8266DRV07.c:253:9:ESP_MUX	32	static
ESP8266DRV07.c:276:9:ESP_STA_IP	40	static
ESP8266DRV07.c:303:9:ESP_SERVER_ON	88	static
ESP8266DRV07.c:318:9:CIPCLOSE	24	static
ESP8266DRV07.c:332:9:WIFI_STA_init	32	static
ESP8266DRV07.c:347:9:WIFI_APSTA_init	24	static
ESP8266DRV07.c:413:9:WIFI_AP_init	24	static
ESP8266DRV07.c:426:9:ESP_AP_NAME	104	static
ESP8266DRV07.c:445:9:ESP_AP_IP	48	static
ESP8266DRV07.c:469:9:ESP_FACTORY_RESET	24	static
ESP8266DRV07.c:496:9:CONNECT_TO_UDP	40	static
ESP8266DRV07.c:530:9:WIFI_SEND_TO_UDP	48	static
ESP8266DRV07.c:559:9:WIFI_Setting_UDP	16	static
ESP8266DRV07.c:580:9:WIFI_SEND_TO_TCP	48	static
ESP8266DRV07.c:616:8:CONNECT_TO_TCP	40	static
ESP8266DRV07.c:648:9:WIFI_Setting_TCP	16	static
ESP8266DRV07.c:669:8:WIFI_CONNECT_CUR	48	static
ESP8266DRV07.c:715:9:WIFI_CONNECT_DEF	48	static
ESP8266DRV07.c:769:9:WIFI_AUTOCONNECT	56	static
ESP8266DRV07.c:787:8:READ_WIFI_CONNECTION	40	static
ESP8266DRV07.c:822:8:Auto_Connect	8	static
ESP8266DRV07.c:844:9:READ_WIFI_STATUS	32	static
ESP8266DRV07.c:895:7:READ_ALL_NETWORK_SSID	128	dynamic
ESP8266DRV07.c:1008:6:WIFI_READ_ALL_SSID	24	static
ESP8266DRV07.c:1013:9:ESP8266_HOSTNAME	88	static
ESP8266DRV07.c:1037:9:WIFI_BROADCAST_Config	8	static
ESP8266DRV07.c:1056:9:WIFI_BROADCAST_PORT_START	32	static
ESP8266DRV07.c:1081:9:WIFI_SEND_TO_BROADCAST	48	static
ESP8266DRV07.c:1111:9:READ_BROADCAST	16	static
ESP8266DRV07.c:1134:6:WIFI_PARSING	24	static
ESP8266DRV07.c:1181:6:WIFI_MODE_SELECT	4	static
ESP8266DRV07.c:1297:8:GET_TIME	64	static
ESP8266DRV07.c:1463:10:PING	104	static
ESP8266DRV07.c:1501:9:FLASH_WriteSettings	56	static
ESP8266DRV07.c:1529:9:FLASH_ReadSettings	32	static
