core_cm3.h:1499:26:__NVIC_GetPriorityGrouping	4	static
core_cm3.h:1511:22:__NVIC_EnableIRQ	16	static
core_cm3.h:1639:22:__NVIC_SetPriority	16	static
core_cm3.h:1686:26:NVIC_EncodePriority	40	static
stm32f1xx_ll_usart.h:411:22:LL_USART_Enable	16	static
stm32f1xx_ll_usart.h:1526:22:LL_USART_ConfigAsyncMode	16	static
stm32f1xx_ll_usart.h:2430:26:LL_USART_DMA_GetRegAddr	16	static
stm32f1xx_ll_usart.h:2450:25:LL_USART_ReceiveData8	16	static
stm32f1xx_ll_bus.h:763:22:LL_APB2_GRP1_EnableClock	24	static
stm32f1xx_ll_dma.h:454:22:LL_DMA_EnableChannel	16	static
stm32f1xx_ll_dma.h:473:22:LL_DMA_DisableChannel	16	static
stm32f1xx_ll_dma.h:553:22:LL_DMA_SetDataTransferDirection	24	static
stm32f1xx_ll_dma.h:602:22:LL_DMA_SetMode	24	static
stm32f1xx_ll_dma.h:647:22:LL_DMA_SetPeriphIncMode	24	static
stm32f1xx_ll_dma.h:692:22:LL_DMA_SetMemoryIncMode	24	static
stm32f1xx_ll_dma.h:738:22:LL_DMA_SetPeriphSize	24	static
stm32f1xx_ll_dma.h:785:22:LL_DMA_SetMemorySize	24	static
stm32f1xx_ll_dma.h:833:22:LL_DMA_SetChannelPriorityLevel	24	static
stm32f1xx_ll_dma.h:880:22:LL_DMA_SetDataLength	24	static
stm32f1xx_ll_dma.h:931:22:LL_DMA_ConfigAddresses	24	static
main.c:34:6:GSM_USART_CALLBACK	16	static
main.c:45:6:GSM_SEND	32	static
main.c:95:5:main	8	static
main.c:152:6:SystemClock_Config	72	static
main.c:190:13:MX_USART1_UART_Init	56	static
main.c:262:13:MX_DMA_Init	16	static
main.c:280:13:MX_GPIO_Init	16	static
main.c:296:6:Error_Handler	4	static,ignoring_inline_asm
